// Jest Snapshot v1, https://goo.gl/fbAQLP

exports[`ProjectSlideshow renders correctly for projects with a statement 1`] = `
<div>
  <div
    class="slideshow"
  >
    <div
      class="previous"
      data-testid="left-side"
    />
    <div
      class="next"
      data-testid="right-side"
    />
    <img
      alt="My First Project - 01"
      class="photo slide"
      sizes="(max-width: 767px) 768px, 1280px"
      src="/photos/my-first-project/1280w/01.jpg"
      srcset="/photos/my-first-project/768w/01.jpg 768w, /photos/my-first-project/1280w/01.jpg 1280w"
    />
    <img
      alt="My First Project - 02"
      class="photo slide"
      sizes="(max-width: 767px) 768px, 1280px"
      src="/photos/my-first-project/1280w/02.jpg"
      srcset="/photos/my-first-project/768w/02.jpg 768w, /photos/my-first-project/1280w/02.jpg 1280w"
    />
    <img
      alt="My First Project - 03"
      class="photo slide active"
      sizes="(max-width: 767px) 768px, 1280px"
      src="/photos/my-first-project/1280w/03.jpg"
      srcset="/photos/my-first-project/768w/03.jpg 768w, /photos/my-first-project/1280w/03.jpg 1280w"
    />
  </div>
  <div
    class="statement"
  >
    <h2>
      Statement
    </h2>
    <div
      class="text"
    >
      <h3>
        My First Project
      </h3>
      <div>
        <p>
          The 
          <em>
            statement
          </em>
           for the 
          <em>
            project
          </em>
        </p>
        

      </div>
    </div>
  </div>
</div>
`;

exports[`ProjectSlideshow renders correctly for projects with captions 1`] = `
<div>
  <div
    class="slideshow"
  >
    <div
      class="previous"
      data-testid="left-side"
    />
    <div
      class="next"
      data-testid="right-side"
    />
    <img
      alt="Project without a statement - 01"
      class="photo slide"
      sizes="(max-width: 767px) 768px, 1280px"
      src="/photos/no-statement/1280w/01.jpg"
      srcset="/photos/no-statement/768w/01.jpg 768w, /photos/no-statement/1280w/01.jpg 1280w"
    />
    <img
      alt="Project without a statement - 02"
      class="photo slide"
      sizes="(max-width: 767px) 768px, 1280px"
      src="/photos/no-statement/1280w/02.jpg"
      srcset="/photos/no-statement/768w/02.jpg 768w, /photos/no-statement/1280w/02.jpg 1280w"
    />
    <img
      alt="Project without a statement - 03"
      class="photo slide active"
      sizes="(max-width: 767px) 768px, 1280px"
      src="/photos/no-statement/1280w/03.jpg"
      srcset="/photos/no-statement/768w/03.jpg 768w, /photos/no-statement/1280w/03.jpg 1280w"
    />
    <img
      alt="Project without a statement - 04"
      class="photo slide"
      sizes="(max-width: 767px) 768px, 1280px"
      src="/photos/no-statement/1280w/04.jpg"
      srcset="/photos/no-statement/768w/04.jpg 768w, /photos/no-statement/1280w/04.jpg 1280w"
    />
  </div>
</div>
`;
