// Jest Snapshot v1, https://goo.gl/fbAQLP

exports[`Home renders correctly 1`] = `
<div>
  <div>
    <aside
      class="sidebar "
      data-testid="sidebar"
    >
      <a
        href="/"
      >
        <h1>
          Teun Zengerink
        </h1>
      </a>
      <div
        class="hamburger"
        data-testid="hamburger"
      >
        <span
          class="line"
        />
        <span
          class="line"
        />
        <span
          class="line"
        />
      </div>
      <nav
        class="navigation"
      >
        <h2>
          Work
        </h2>
        <ul>
          <li
            class=""
          >
            <a
              href="/work/my-first-project"
            >
              My First Project
            </a>
          </li>
          <li
            class=""
          >
            <a
              href="/work/no-statement/01"
            >
              Project without a statement
            </a>
          </li>
        </ul>
        <span
          class="socials"
        >
          <a
            href="https://instagram.com/t.zengerink/"
          >
            <img
              alt="Instagram"
              src="/img/instagram.jpg"
            />
          </a>
          <a
            href="https://pinterest.com/tzengerink/"
          >
            <img
              alt="Pinterest"
              src="/img/pinterest.jpg"
            />
          </a>
        </span>
      </nav>
    </aside>
    <main
      class="main"
    >
      <div
        class="container"
      >
        <div
          class="title"
        >
          My First Project
        </div>
        <img
          alt="My First Project"
          height="600"
          src="/photos/my-first-project/01.jpg"
          width="800"
        />
      </div>
    </main>
  </div>
</div>
`;
