// Jest Snapshot v1, https://goo.gl/fbAQLP

exports[`Navigation renders correctly 1`] = `
<div>
  <aside>
    <a
      href="/"
    >
      <h1
        class="fixed z-40 top-[6px] left-md pt-4 font-medium uppercase hover:underline"
      >
        My Homepage
      </h1>
    </a>
    <button>
      [Hamburger closed]
    </button>
    <button>
      <div>
        [Menu closed]
      </div>
      <ul>
        <li>
          [Project]
        </li>
        <li>
          [Project]
        </li>
      </ul>
    </button>
    <a
      class="absolute z-20 bottom-md right-md text-xs text-grey/80 uppercase hover:underline"
      href="https://www.instagram.com/t.zengerink/"
    >
      Instagram
    </a>
  </aside>
</div>
`;
