// Jest Snapshot v1, https://goo.gl/fbAQLP

exports[`renders correctly 1`] = `
<div
  className="slideshow"
>
  <div
    className="slide active"
    onClick={[Function]}
    onTouchMove={[Function]}
    onTouchStart={[Function]}
  >
    <h2>
      My First Project
    </h2>
    <p>
      The statement for the project
    </p>
  </div>
  <div
    className="slide "
    onClick={[Function]}
    onTouchMove={[Function]}
    onTouchStart={[Function]}
  >
    <img
      alt="01"
      height={600}
      src="/photos/my-first-project/01.jpg"
      width={800}
    />
  </div>
  <div
    className="slide "
    onClick={[Function]}
    onTouchMove={[Function]}
    onTouchStart={[Function]}
  >
    <img
      alt="02"
      height={800}
      src="/photos/my-first-project/02.jpg"
      width={600}
    />
  </div>
  <div
    className="slide "
    onClick={[Function]}
    onTouchMove={[Function]}
    onTouchStart={[Function]}
  >
    <img
      alt="03"
      height={600}
      src="/photos/my-first-project/03.jpg"
      width={800}
    />
  </div>
  <div
    className="navigation"
  >
    <a
      className="leftArrow"
      onClick={[Function]}
    >
      ←
    </a>
    
    <a
      className="rightArrow"
      onClick={[Function]}
    >
      →
    </a>
  </div>
</div>
`;
