// Jest Snapshot v1, https://jestjs.io/docs/snapshot-testing

exports[`Photo renders correctly 1`] = `
<div>
  <img
    alt="The alt text"
    class="w-auto h-auto md:max-w-[70vw] md:max-h-[90vh]"
    sizes="(max-width: 767px) 768px, 1280px"
    src="/photos/my-first-project/1280w/01.jpg"
    srcset="/photos/my-first-project/768w/01.jpg 768w, /photos/my-first-project/1280w/01.jpg 1280w"
  />
</div>
`;
