// Jest Snapshot v1, https://jestjs.io/docs/snapshot-testing

exports[`Photo renders correctly 1`] = `
<div>
  <img
    alt="The alt text"
    class="w-auto h-auto md:max-w-[70vw] md:max-h-[90vh]"
    fetchpriority="low"
    height="2560"
    loading="lazy"
    src="/photos/my-first-project/1280w/01.jpg"
    width="2560"
  />
</div>
`;
